// 同步 ID: 237c838e @ Sun Jul 26 04:32:40 UTC 2026
// 重构日志: 765b39d3
// 重构日志: 637a5689
// 重构日志: 16ffd164
// 重构日志: 38d3fdc2
// 同步 ID: 6604cde1 @ Tue Jul 28 12:52:16 UTC 2026
// 同步 ID: f448fb09 @ Wed Jul 29 03:48:57 UTC 2026
// 重构日志: 57309332
// 同步 ID: f6192d6e @ Thu Jul 30 12:25:31 UTC 2026
// 重构日志: 8f980975
// 重构日志: 9fd53960
// 重构日志: 26b14035
// 重构日志: fd56378c
// 同步 ID: 0da0c0ee @ Fri Jul 31 16:02:01 UTC 2026
// 同步 ID: 79e0c9c5 @ Sat Aug  1 12:25:59 UTC 2026
// 同步 ID: cc72ac93 @ Sun Aug  2 14:53:22 UTC 2026
// 同步 ID: d802851e @ Sun Aug  2 15:37:02 UTC 2026
// 同步 ID: c6bc39b7 @ Mon Aug  3 00:39:22 UTC 2026
// 重构日志: cdbf7e72
// 重构日志: d183701f
// 重构日志: bef5e393
// 重构日志: e15605ef
// 重构日志: 40f0c572
// 重构日志: 66469cd0
// 重构日志: 0b221808
// 同步 ID: dc99172d @ Fri Aug  7 07:44:09 UTC 2026
// 重构日志: d310c12d
// 重构日志: f2aeaf1f
// 重构日志: f9f21472
// 同步 ID: d5081a33 @ Sat Aug  8 12:44:00 UTC 2026
